// Jest Snapshot v1, https://goo.gl/fbAQLP

exports[`Button should match snapshot 1`] = `
<View
  accessible={true}
  focusable={true}
  onClick={[Function]}
  onResponderGrant={[Function]}
  onResponderMove={[Function]}
  onResponderRelease={[Function]}
  onResponderTerminate={[Function]}
  onResponderTerminationRequest={[Function]}
  onStartShouldSetResponder={[Function]}
  style={
    Object {
      "opacity": 1,
    }
  }
  testID="button-test-ID"
>
  <View
    style={
      Object {
        "backgroundColor": "#FFFFFF",
        "borderColor": "#565A5C",
        "borderRadius": 24,
        "borderWidth": 1,
        "fontSize": 16,
        "paddingHorizontal": 24,
        "paddingVertical": 16,
      }
    }
  >
    <Text
      style={
        Object {
          "color": "#565A5C",
          "textAlign": "center",
        }
      }
    >
      Button Text
    </Text>
  </View>
</View>
`;
